C51 COMPILER V9.55   IIC                                                                   04/02/2023 16:18:54 PAGE 1   


C51 COMPILER V9.55, COMPILATION OF MODULE IIC
OBJECT MODULE PLACED IN .\Objects\iic.obj
COMPILER INVOKED BY: D:\keil5\C51\BIN\C51.EXE iic.c OPTIMIZE(8,SPEED) BROWSE DEBUG OBJECTEXTEND PRINT(.\Listings\iic.lst
                    -) TABS(2) OBJECT(.\Objects\iic.obj)

line level    source

   1          #include "iic.h"
   2          #include "intrins.h"//内嵌函数，其目的为使用如nop此类汇编内容
   3          #define DELAY_TIME 5
   4          
   5          //I2C总线内部延时函数
   6          void IIC_Delay(unsigned char i)
   7          {
   8   1          do{_nop_();}
   9   1          while(i--);        
  10   1      }
  11          
  12          //I2C总线启动信号
  13          void IIC_Start(void)
  14          {
  15   1          SDA = 1;
  16   1          SCL = 1;
  17   1          IIC_Delay(DELAY_TIME);
  18   1          SDA = 0;
  19   1          IIC_Delay(DELAY_TIME);
  20   1          SCL = 0;  
  21   1      }
  22          
  23          //I2C总线停止信号
  24          void IIC_Stop(void)
  25          {
  26   1          SDA = 0;
  27   1          SCL = 1;
  28   1          IIC_Delay(DELAY_TIME);
  29   1          SDA = 1;
  30   1          IIC_Delay(DELAY_TIME);
  31   1      }
  32          
  33          //发送应答或非应答信号
  34          void IIC_SendAck(bit ackbit)
  35          {
  36   1          SCL = 0;
  37   1          SDA = ackbit;           
  38   1          IIC_Delay(DELAY_TIME);
  39   1          SCL = 1;
  40   1          IIC_Delay(DELAY_TIME);
  41   1          SCL = 0; 
  42   1          SDA = 1;
  43   1          IIC_Delay(DELAY_TIME);
  44   1      }
  45          
  46          //等待应答
  47          bit IIC_WaitAck(void)
  48          {
  49   1          bit ackbit;
  50   1        
  51   1          SCL  = 1;
  52   1          IIC_Delay(DELAY_TIME);
  53   1          ackbit = SDA;
  54   1          SCL = 0;
C51 COMPILER V9.55   IIC                                                                   04/02/2023 16:18:54 PAGE 2   

  55   1          IIC_Delay(DELAY_TIME);
  56   1          return ackbit;
  57   1      }
  58          
  59          //I2C总线发送一个字节数据
  60          void IIC_SendByte(unsigned char byt)
  61          {
  62   1          unsigned char i;
  63   1      
  64   1          for(i=0; i<8; i++)
  65   1          {
  66   2              SCL  = 0;
  67   2              IIC_Delay(DELAY_TIME);
  68   2              if(byt & 0x80) SDA  = 1;
  69   2              else SDA  = 0;
  70   2              IIC_Delay(DELAY_TIME);
  71   2              SCL = 1;
  72   2              byt <<= 1;
  73   2              IIC_Delay(DELAY_TIME);
  74   2          }
  75   1          SCL  = 0;  
  76   1      }
  77          
  78          //I2C总线接收一个字节数据
  79          unsigned char IIC_RecByte(void)
  80          {
  81   1          unsigned char i, da;
  82   1          for(i=0; i<8; i++)
  83   1          {   
  84   2            SCL = 1;
  85   2        IIC_Delay(DELAY_TIME);
  86   2        da <<= 1;
  87   2        if(SDA) da |= 1;
  88   2        SCL = 0;
  89   2        IIC_Delay(DELAY_TIME);
  90   2          }
  91   1          return da;    
  92   1      }
  93          
  94          
  95          unsigned char PCF8591_Adc(void)
  96          {
  97   1        unsigned char temp;
  98   1        IIC_Start();
  99   1        
 100   1        IIC_SendByte(0x90);
 101   1        IIC_WaitAck();
 102   1      
 103   1        IIC_SendByte(0x43);         // 允许DAC，ADC通道3  此处若为0x41则为光敏电阻 若为0x43则为电位器
 104   1        IIC_WaitAck();
 105   1      
 106   1        IIC_Start();
 107   1        IIC_SendByte(0x91);//出现0x？1就是从该芯片读的意思
 108   1        IIC_WaitAck();
 109   1      
 110   1        temp = IIC_RecByte();
 111   1        IIC_SendAck(1);
 112   1        
 113   1        IIC_Stop();
 114   1        return temp;
 115   1      }
 116          
C51 COMPILER V9.55   IIC                                                                   04/02/2023 16:18:54 PAGE 3   

 117          void PCF8591_Dac(unsigned char dat)
 118          {
 119   1        IIC_Start();
 120   1        IIC_SendByte(0x90);
 121   1        IIC_WaitAck();
 122   1      
 123   1        IIC_SendByte(0x43);       // 允许DAC，ADC通道3
 124   1        IIC_WaitAck();
 125   1      
 126   1        IIC_SendByte(dat);        // dat-输出数模转换的数据
 127   1        IIC_WaitAck();
 128   1        IIC_Stop();
 129   1      }
 130          
 131          
 132          
 133          
 134          /**
 135          * @brief 从AT24C02(add)中读出数据da
 136          *
 137          * @param[in] add - AT24C02存储地址
 138          * @param[out] da - 从AT24C02相应地址中读取到的数据
 139          * @return - da
 140          */
 141          void EEPROM_Read(unsigned char* pucBuf, unsigned char addr, unsigned char num)
 142          {
 143   1          IIC_Start();
 144   1          IIC_SendByte(0xa0);
 145   1          IIC_WaitAck();
 146   1      
 147   1          IIC_SendByte(addr);
 148   1          IIC_WaitAck();
 149   1      
 150   1          IIC_Start();
 151   1          IIC_SendByte(0xa1);
 152   1          IIC_WaitAck();
 153   1      
 154   1          while(num--)
 155   1          {
 156   2              *pucBuf++ = IIC_RecByte();//
 157   2              if(num) IIC_SendAck(0);
 158   2              else IIC_SendAck(1);
 159   2          }
 160   1          IIC_Stop();
 161   1      }
 162          /**
 163          * @brief 向AT24C02(add)中写入数据val
 164          *
 165          * @param[in] add - AT24C02存储地址
 166          * @param[in] val - 待写入AT24C02相应地址的数据
 167          * @return - none
 168          */
 169          void EEPROM_Write(unsigned char* pucBuf, unsigned char addr, unsigned char num)
 170          {
 171   1          IIC_Start();
 172   1          IIC_SendByte(0xa0);
 173   1          IIC_WaitAck();
 174   1      
 175   1          IIC_SendByte(addr);
 176   1          IIC_WaitAck();
 177   1      
 178   1          while(num--)
C51 COMPILER V9.55   IIC                                                                   04/02/2023 16:18:54 PAGE 4   

 179   1          {
 180   2              IIC_SendByte(*pucBuf++); 
 181   2              IIC_WaitAck();
 182   2              IIC_Delay(200);
 183   2      }
 184   1          IIC_Stop();
 185   1      }
 186          
 187          
 188            
 189            
 190            
 191            
 192            


MODULE INFORMATION:   STATIC OVERLAYABLE
   CODE SIZE        =    372    ----
   CONSTANT SIZE    =   ----    ----
   XDATA SIZE       =   ----    ----
   PDATA SIZE       =   ----    ----
   DATA SIZE        =   ----      10
   IDATA SIZE       =   ----    ----
   BIT SIZE         =   ----       2
END OF MODULE INFORMATION.


C51 COMPILATION COMPLETE.  0 WARNING(S),  0 ERROR(S)
